// Jest Snapshot v1, https://goo.gl/fbAQLP

exports[`tests TabPane components render correctly component 1`] = `
<TabPanel>
  <div
    aria-labelledby="simple-tab-undefined"
    className="tab"
    hidden={false}
    id="simple-tabpanel-undefined"
    role="tabpanel"
  >
    <Styled(MuiBox)>
      <div
        className="MuiBox-root MuiBox-root-2"
      >
        <WithStyles(ForwardRef(Typography))>
          <ForwardRef(Typography)
            classes={
              Object {
                "alignCenter": "MuiTypography-alignCenter",
                "alignJustify": "MuiTypography-alignJustify",
                "alignLeft": "MuiTypography-alignLeft",
                "alignRight": "MuiTypography-alignRight",
                "body1": "MuiTypography-body1",
                "body2": "MuiTypography-body2",
                "button": "MuiTypography-button",
                "caption": "MuiTypography-caption",
                "colorError": "MuiTypography-colorError",
                "colorInherit": "MuiTypography-colorInherit",
                "colorPrimary": "MuiTypography-colorPrimary",
                "colorSecondary": "MuiTypography-colorSecondary",
                "colorTextPrimary": "MuiTypography-colorTextPrimary",
                "colorTextSecondary": "MuiTypography-colorTextSecondary",
                "displayBlock": "MuiTypography-displayBlock",
                "displayInline": "MuiTypography-displayInline",
                "gutterBottom": "MuiTypography-gutterBottom",
                "h1": "MuiTypography-h1",
                "h2": "MuiTypography-h2",
                "h3": "MuiTypography-h3",
                "h4": "MuiTypography-h4",
                "h5": "MuiTypography-h5",
                "h6": "MuiTypography-h6",
                "noWrap": "MuiTypography-noWrap",
                "overline": "MuiTypography-overline",
                "paragraph": "MuiTypography-paragraph",
                "root": "MuiTypography-root",
                "srOnly": "MuiTypography-srOnly",
                "subtitle1": "MuiTypography-subtitle1",
                "subtitle2": "MuiTypography-subtitle2",
              }
            }
          >
            <p
              className="MuiTypography-root MuiTypography-body1"
            />
          </ForwardRef(Typography)>
        </WithStyles(ForwardRef(Typography))>
      </div>
    </Styled(MuiBox)>
  </div>
</TabPanel>
`;
